main.c:79:5:getAlcohol	16	static
main.c:91:7:getDistance	16	static
main.c:115:6:exit	8	static
main.c:124:6:openDoor	8	static
main.c:149:5:main	16	static
main.c:209:6:SystemClock_Config	88	static
main.c:254:13:MX_ADC1_Init	24	static
main.c:304:13:MX_TIM2_Init	64	static
main.c:363:13:MX_TIM4_Init	32	static
main.c:408:13:MX_USART1_UART_Init	8	static
main.c:441:13:MX_USART2_UART_Init	8	static
main.c:474:13:MX_GPIO_Init	48	static
main.c:509:6:usDelay	16	static
main.c:526:6:Error_Handler	4	static,ignoring_inline_asm
